// Jest Snapshot v1, https://goo.gl/fbAQLP

exports[`TagListItemView renders 1`] = `ShallowWrapper {}`;
