// Jest Snapshot v1, https://goo.gl/fbAQLP

exports[`TagListFilterButtonView renders 1`] = `ShallowWrapper {}`;
