// Jest Snapshot v1, https://goo.gl/fbAQLP

exports[`TagListView renders 1`] = `
ShallowWrapper {
  "length": 1,
  Symbol(enzyme.__root__): [Circular],
  Symbol(enzyme.__unrendered__): <WithStyles(TagListView)
    filterStates={
        Object {
            "failedSelected": true,
            "passedSelected": true,
            "skippedSelected": true,
            "undefinedSelected": true,
          }
    }
    tags={
        Array [
            Tag {
              "containsFailed": false,
              "containsPassed": false,
              "containsSkipped": false,
              "containsUndefined": false,
              "features": Array [],
              "name": "testTagOne",
            },
            Tag {
              "containsFailed": false,
              "containsPassed": false,
              "containsSkipped": false,
              "containsUndefined": false,
              "features": Array [],
              "name": "testTagTwo",
            },
          ]
    }
/>,
  Symbol(enzyme.__renderer__): Object {
    "batchedUpdates": [Function],
    "getNode": [Function],
    "render": [Function],
    "simulateEvent": [Function],
    "unmount": [Function],
  },
  Symbol(enzyme.__node__): Object {
    "instance": null,
    "key": undefined,
    "nodeType": "function",
    "props": Object {
      "classes": Object {
        "xbddFilterButton": "TagListView-xbddFilterButton-4",
        "xbddTagList": "TagListView-xbddTagList-2",
        "xbddTagListContainer": "TagListView-xbddTagListContainer-1",
        "xbddTagListFilterButtons": "TagListView-xbddTagListFilterButtons-3",
      },
      "filterStates": Object {
        "failedSelected": true,
        "passedSelected": true,
        "skippedSelected": true,
        "undefinedSelected": true,
      },
      "onFilterButtonClick": [Function],
      "onSelectTag": [Function],
      "selectedTag": null,
      "tags": Array [
        Tag {
          "containsFailed": false,
          "containsPassed": false,
          "containsSkipped": false,
          "containsUndefined": false,
          "features": Array [],
          "name": "testTagOne",
        },
        Tag {
          "containsFailed": false,
          "containsPassed": false,
          "containsSkipped": false,
          "containsUndefined": false,
          "features": Array [],
          "name": "testTagTwo",
        },
      ],
    },
    "ref": null,
    "rendered": null,
    "type": [Function],
  },
  Symbol(enzyme.__nodes__): Array [
    Object {
      "instance": null,
      "key": undefined,
      "nodeType": "function",
      "props": Object {
        "classes": Object {
          "xbddFilterButton": "TagListView-xbddFilterButton-4",
          "xbddTagList": "TagListView-xbddTagList-2",
          "xbddTagListContainer": "TagListView-xbddTagListContainer-1",
          "xbddTagListFilterButtons": "TagListView-xbddTagListFilterButtons-3",
        },
        "filterStates": Object {
          "failedSelected": true,
          "passedSelected": true,
          "skippedSelected": true,
          "undefinedSelected": true,
        },
        "onFilterButtonClick": [Function],
        "onSelectTag": [Function],
        "selectedTag": null,
        "tags": Array [
          Tag {
            "containsFailed": false,
            "containsPassed": false,
            "containsSkipped": false,
            "containsUndefined": false,
            "features": Array [],
            "name": "testTagOne",
          },
          Tag {
            "containsFailed": false,
            "containsPassed": false,
            "containsSkipped": false,
            "containsUndefined": false,
            "features": Array [],
            "name": "testTagTwo",
          },
        ],
      },
      "ref": null,
      "rendered": null,
      "type": [Function],
    },
  ],
  Symbol(enzyme.__options__): Object {
    "adapter": ReactSixteenAdapter {
      "options": Object {
        "enableComponentDidUpdateOnSetState": true,
      },
    },
  },
}
`;
