// Jest Snapshot v1, https://goo.gl/fbAQLP

exports[`TagListContainer renders 1`] = `ShallowWrapper {}`;
