// Jest Snapshot v1, https://goo.gl/fbAQLP

exports[`TagListContainer renders 1`] = `
ShallowWrapper {
  Symbol(enzyme.__root__): [Circular],
  Symbol(enzyme.__unrendered__): <TagListContainer
    report={
        Report {
            "tagList": Array [
              Tag {
                "containsFailed": false,
                "containsPassed": true,
                "containsSkipped": false,
                "containsUndefined": false,
                "features": Array [
                  Object {
                    "elements": Array [
                      Object {
                        "steps": Array [
                          Object {
                            "result": Object {
                              "status": "passed",
                            },
                          },
                        ],
                      },
                    ],
                  },
                ],
                "name": "testTagOne",
              },
            ],
          }
    }
/>,
  Symbol(enzyme.__renderer__): Object {
    "batchedUpdates": [Function],
    "getNode": [Function],
    "render": [Function],
    "simulateError": [Function],
    "simulateEvent": [Function],
    "unmount": [Function],
  },
  Symbol(enzyme.__node__): Object {
    "instance": null,
    "key": undefined,
    "nodeType": "class",
    "props": Object {
      "filterStates": Object {
        "failedSelected": true,
        "passedSelected": true,
        "skippedSelected": true,
        "undefinedSelected": true,
      },
      "onFilterButtonClick": [Function],
      "onSelectTag": [Function],
      "selectedTag": null,
      "tags": Array [
        Tag {
          "containsFailed": false,
          "containsPassed": true,
          "containsSkipped": false,
          "containsUndefined": false,
          "features": Array [
            Object {
              "elements": Array [
                Object {
                  "steps": Array [
                    Object {
                      "result": Object {
                        "status": "passed",
                      },
                    },
                  ],
                },
              ],
            },
          ],
          "name": "testTagOne",
        },
      ],
    },
    "ref": null,
    "rendered": null,
    "type": [Function],
  },
  Symbol(enzyme.__nodes__): Array [
    Object {
      "instance": null,
      "key": undefined,
      "nodeType": "class",
      "props": Object {
        "filterStates": Object {
          "failedSelected": true,
          "passedSelected": true,
          "skippedSelected": true,
          "undefinedSelected": true,
        },
        "onFilterButtonClick": [Function],
        "onSelectTag": [Function],
        "selectedTag": null,
        "tags": Array [
          Tag {
            "containsFailed": false,
            "containsPassed": true,
            "containsSkipped": false,
            "containsUndefined": false,
            "features": Array [
              Object {
                "elements": Array [
                  Object {
                    "steps": Array [
                      Object {
                        "result": Object {
                          "status": "passed",
                        },
                      },
                    ],
                  },
                ],
              },
            ],
            "name": "testTagOne",
          },
        ],
      },
      "ref": null,
      "rendered": null,
      "type": [Function],
    },
  ],
  Symbol(enzyme.__options__): Object {
    "adapter": ReactSixteenAdapter {
      "options": Object {
        "enableComponentDidUpdateOnSetState": true,
        "lifecycles": Object {
          "componentDidUpdate": Object {
            "onSetState": true,
          },
          "getDerivedStateFromProps": true,
          "getSnapshotBeforeUpdate": true,
          "setState": Object {
            "skipsComponentDidUpdateOnNullish": true,
          },
        },
      },
    },
  },
}
`;
